// Jest Snapshot v1, https://goo.gl/fbAQLP

exports[`My component renders correctly; snapshot test 1`] = `
<section
  className="List"
>
  <header
    className="List-header"
  >
    <h2 />
  </header>
  <div
    className="List-cards"
  >
    <button
      className="List-add-button"
      type="button"
    >
      + Add Random Card
    </button>
  </div>
</section>
`;
